
=== manifestos: 3,801 quasi-frases, 10 partidos ===

Enfasis por dominio (%):
domain  External Relations  Freedom & Democracy  Political System  Economy  Welfare & QoL  Fabric of Society  Social Groups
party                                                                                                                      
EELV                  8.77                 7.46              6.58    27.19          32.02              11.84           6.14
FN                    7.30                 5.47              5.47    21.90          28.47              24.09           7.30
LFI                  13.39                 9.34              6.20    20.93          31.45               9.79           8.89
LR                    6.74                 3.90             14.18    14.54          28.01              16.67          15.96
LREM                  6.74                 4.15             15.03    17.88          32.64              14.51           9.07
MoDem                10.14                 9.94              9.53    20.08          33.47              11.76           5.07
PCF                   5.13                12.82             23.08    15.38          12.82              10.26          20.51
PRG                  13.92                 7.68              8.64    21.44          28.64              12.48           7.20
PS                    5.06                 5.06              7.59    16.46          43.04              12.66          10.13
UDI                   6.74                 3.90             14.18    14.54          28.01              16.67          15.96

Concentracion de agenda (evenness; bajo=monotematico):
party  n_docs  agenda_evenness       top_domain
  PCF      39            0.599 Political System
   PS      79            0.683    Welfare & QoL
 EELV     228            0.777    Welfare & QoL
MoDem     493            0.795    Welfare & QoL
  PRG     625            0.795    Welfare & QoL
   FN     274            0.797    Welfare & QoL
   LR     282            0.798    Welfare & QoL
  UDI     282            0.798    Welfare & QoL
 LREM     386            0.799    Welfare & QoL
  LFI    1113            0.826    Welfare & QoL

Categoria mas distintiva por partido:
  PCF        305 - Political Authority                (+17.14 pp)
  EELV       501 - Environmental Protection: Positive (+8.01 pp)
  PS         504 - Welfare State Expansion            (+7.54 pp)
  FN         601 - National Way of Life: Positive     (+5.45 pp)
  MoDem      506 - Education Expansion                (+5.4 pp)
  LREM       303 - Governmental and Administrative Ef (+5.14 pp)
  PRG        108 - European Community/Union: Positive (+5.03 pp)
  LFI        107 - Internationalism: Positive         (+5.0 pp)
  LR         305 - Political Authority                (+2.57 pp)
  UDI        305 - Political Authority                (+2.57 pp)

Resultados en /Users/agustin.solis/Tesis/french_deputies/party_analysis/manifestos/results/
