=== Shift BRUTO vs ESPECÍFICO (euclídeo, pp; IC bootstrap 95%) ===
party  gross_shift     gross_ci  party_specific_shift  specific_ci  channel_effect
  PCF         17.1 [12.0, 27.6]                  19.6 [14.1, 27.8]            -2.5
  LFI         27.5 [26.1, 28.9]                  14.4 [13.0, 16.7]            13.0
MoDem         27.1 [25.2, 29.3]                  10.5  [8.9, 13.6]            16.6
   PS         27.2 [22.7, 33.2]                  10.0  [6.7, 17.2]            17.2
   LR         22.9 [20.2, 26.2]                   7.0  [5.7, 10.6]            15.9
 LREM         19.4 [16.9, 22.2]                   5.7   [4.5, 9.2]            13.6

=== Persistencia de firma (correlación entre canales) ===
party  corr_man_twe  corr_man_hem  corr_twe_hem  mean_corr
 LREM         0.461         0.550         0.659      0.557
   LR         0.332         0.298         0.315      0.315
MoDem         0.399         0.223         0.000      0.207
   PS         0.578        -0.137         0.085      0.175
  PCF        -0.003        -0.303         0.654      0.116
  LFI        -0.256         0.245         0.069      0.019

=== Overlap de categorías-firma (reaparecen en >=2 canales) ===
party  n_repeated                                        categories_repeated
  LFI           4                     501 (2x); 201 (2x); 506 (2x); 503 (2x)
   PS           4                     502 (3x); 504 (3x); 301 (2x); 503 (2x)
  PCF           4                     701 (3x); 413 (2x); 504 (2x); 503 (2x)
MoDem           4                     202 (2x); 303 (2x); 107 (2x); 108 (2x)
 LREM           6 411 (3x); 303 (2x); 601 (2x); 402 (2x); 502 (2x); 501 (2x)
   LR           5           605 (2x); 601 (2x); 305 (2x); 703 (2x); 301 (2x)
