
=== amendements: 2575 scrutins con texto+votos, 10 partidos ===

Soporte global y cohesión:
   party  overall_support_pct  cohesion_rice  n_scrutins
 GDR-PCF                 87.0          0.991         951
     LFI                 83.7          0.997        1153
      PS                 82.7          0.958        1556
      NI                 73.3          0.902         530
      LT                 71.4          0.769         512
      LR                 70.9          0.916        2153
UDI-Agir                 51.9          0.735        1132
     EDS                 36.3          0.859         430
   MoDem                 22.4          0.885        2264
    LREM                 15.7          0.943        2575

Soporte RELATIVO por tema (pp vs soporte global; >0 = apoya de más):
domain_name  External Relations  Freedom & Democracy  Political System  Economy  Welfare & QoL  Fabric of Society  Social Groups
party                                                                                                                           
EDS                        41.5                  0.7             -16.5     23.6            6.3              -14.9           -5.5
GDR-PCF                    13.0                  4.4              -2.9     -2.5            1.3              -17.5           -3.7
LFI                        -0.4                  6.9              -2.0     -6.4            1.0              -15.9           -1.2
LR                         -1.8                -19.1               0.1     -5.2           -3.8               -4.7           -7.9
LREM                       15.6                 -4.1               1.0      3.9            1.6               -3.0            1.0
LT                         28.6                 -5.6              -3.1      9.6            4.6               -5.8          -10.1
MoDem                       6.9                 -2.8               2.2      5.5            1.4                3.4           -0.1
NI                          NaN                -19.8              -3.9    -10.0            4.1               -3.7            5.6
PS                         17.3                  4.2              -4.1      1.0            3.6              -21.9           -0.6
UDI-Agir                   20.3                 -6.9              -6.8     -1.0           -1.0                7.7            5.1

Tema que cada partido más apoya (relativo a su base):
  EDS        External Relations     (+41.5 pp)
  LT         External Relations     (+28.6 pp)
  UDI-Agir   External Relations     (+20.3 pp)
  PS         External Relations     (+17.3 pp)
  LREM       External Relations     (+15.6 pp)
  GDR-PCF    External Relations     (+13.0 pp)
  LFI        Freedom & Democracy    (+6.9 pp)
  MoDem      External Relations     (+6.9 pp)
  NI         Social Groups          (+5.6 pp)
  LR         Political System       (+0.1 pp)

Resultados en /Users/agustin.solis/Tesis/french_deputies/party_analysis/amendements/results/
