
=== lois: 335 scrutins con texto+votos, 10 partidos ===

Soporte global y cohesión:
   party  overall_support_pct  cohesion_rice  n_scrutins
    LREM                 99.1          0.983         335
   MoDem                 98.7          0.975         304
UDI-Agir                 86.3          0.815         240
     EDS                 77.2          0.891         121
      LT                 54.0          0.742         124
      LR                 45.9          0.915         288
      NI                 37.8          0.738         133
      PS                 36.7          0.967         199
 GDR-PCF                 18.7          0.987         158
     LFI                 11.5          0.998         173

Soporte RELATIVO por tema (pp vs soporte global; >0 = apoya de más):
domain_name  External Relations  Freedom & Democracy  Political System  Economy  Welfare & QoL  Fabric of Society  Social Groups
party                                                                                                                           
EDS                       -13.7                 -2.9              -6.2    -10.5          -10.7               -8.0            0.8
GDR-PCF                   -13.1                -10.1             -14.5    -15.6          -13.2               -1.9          -13.4
LFI                        -9.7                 -7.2              -8.9     -9.8           -6.8                0.6           -9.4
LR                         14.2                 -8.6             -16.3    -16.8          -22.5               -9.5          -11.5
LREM                        0.1                 -0.4               0.1      0.4            0.2               -1.2            0.5
LT                          3.2                 -4.5             -13.9    -17.7          -21.7              -11.9          -18.9
MoDem                       0.0                 -2.0              -0.8      0.2           -0.1               -3.4            0.5
NI                         21.5                 -6.8             -12.4     -7.8          -12.8               -8.3           -3.0
PS                          5.2                  1.9             -14.8    -23.7          -21.3               -3.6          -23.6
UDI-Agir                    5.3                 -4.9              -5.6     -3.9          -11.0              -15.1          -10.4

Tema que cada partido más apoya (relativo a su base):
  NI         External Relations     (+21.5 pp)
  LR         External Relations     (+14.2 pp)
  UDI-Agir   External Relations     (+5.3 pp)
  PS         External Relations     (+5.2 pp)
  LT         External Relations     (+3.2 pp)
  EDS        Social Groups          (+0.8 pp)
  LFI        Fabric of Society      (+0.6 pp)
  LREM       Social Groups          (+0.5 pp)
  MoDem      Social Groups          (+0.5 pp)
  GDR-PCF    Fabric of Society      (+-1.9 pp)

Resultados en /Users/agustin.solis/Tesis/french_deputies/party_analysis/lois/results/
